// Jest Snapshot v1, https://goo.gl/fbAQLP

exports[`HelloWorld should match snapshot 1`] = `
<div
  class="hello"
>
  <h1>
    World
  </h1>
</div>
`;
