// Jest Snapshot v1, https://goo.gl/fbAQLP

exports[`collectCss should collect css 1`] = `""`;
